// Vitest Snapshot v1, https://vitest.dev/guide/snapshot.html

exports[`correct > correct-01.scm 1`] = `
[
  Token {
    "position": Position {
      "charNumber": 1,
      "lineNumber": 2,
    },
    "symbol": {
      "label": "quote",
    },
    "text": "",
  },
  Token {
    "position": Position {
      "charNumber": 11,
      "lineNumber": 2,
    },
    "symbol": {
      "label": "set!",
    },
    "text": "",
  },
  Token {
    "position": Position {
      "charNumber": 21,
      "lineNumber": 2,
    },
    "symbol": {
      "label": "define",
    },
    "text": "",
  },
  Token {
    "position": Position {
      "charNumber": 31,
      "lineNumber": 2,
    },
    "symbol": {
      "label": "if",
    },
    "text": "",
  },
  Token {
    "position": Position {
      "charNumber": 1,
      "lineNumber": 3,
    },
    "symbol": {
      "label": "lambda",
    },
    "text": "",
  },
  Token {
    "position": Position {
      "charNumber": 11,
      "lineNumber": 3,
    },
    "symbol": {
      "label": "begin",
    },
    "text": "",
  },
  Token {
    "position": Position {
      "charNumber": 21,
      "lineNumber": 3,
    },
    "symbol": {
      "label": "cond",
    },
    "text": "",
  },
  Token {
    "position": Position {
      "charNumber": 1,
      "lineNumber": 6,
    },
    "symbol": {
      "label": "+",
    },
    "text": "",
  },
  Token {
    "position": Position {
      "charNumber": 6,
      "lineNumber": 6,
    },
    "symbol": {
      "label": "-",
    },
    "text": "",
  },
  Token {
    "position": Position {
      "charNumber": 11,
      "lineNumber": 6,
    },
    "symbol": {
      "label": "*",
    },
    "text": "",
  },
  Token {
    "position": Position {
      "charNumber": 16,
      "lineNumber": 6,
    },
    "symbol": {
      "label": "/",
    },
    "text": "",
  },
  Token {
    "position": Position {
      "charNumber": 1,
      "lineNumber": 9,
    },
    "symbol": {
      "label": "<",
    },
    "text": "",
  },
  Token {
    "position": Position {
      "charNumber": 5,
      "lineNumber": 9,
    },
    "symbol": {
      "label": "<=",
    },
    "text": "",
  },
  Token {
    "position": Position {
      "charNumber": 10,
      "lineNumber": 9,
    },
    "symbol": {
      "label": ">",
    },
    "text": "",
  },
  Token {
    "position": Position {
      "charNumber": 14,
      "lineNumber": 9,
    },
    "symbol": {
      "label": ">=",
    },
    "text": "",
  },
  Token {
    "position": Position {
      "charNumber": 1,
      "lineNumber": 12,
    },
    "symbol": {
      "label": "(",
    },
    "text": "",
  },
  Token {
    "position": Position {
      "charNumber": 5,
      "lineNumber": 12,
    },
    "symbol": {
      "label": ")",
    },
    "text": "",
  },
  Token {
    "position": Position {
      "charNumber": 1,
      "lineNumber": 15,
    },
    "symbol": {
      "label": "Identifier",
    },
    "text": "x",
  },
  Token {
    "position": Position {
      "charNumber": 5,
      "lineNumber": 15,
    },
    "symbol": {
      "label": "Identifier",
    },
    "text": "y",
  },
  Token {
    "position": Position {
      "charNumber": 9,
      "lineNumber": 15,
    },
    "symbol": {
      "label": "Identifier",
    },
    "text": "x1",
  },
  Token {
    "position": Position {
      "charNumber": 14,
      "lineNumber": 15,
    },
    "symbol": {
      "label": "Identifier",
    },
    "text": "i",
  },
  Token {
    "position": Position {
      "charNumber": 18,
      "lineNumber": 15,
    },
    "symbol": {
      "label": "Identifier",
    },
    "text": "aVeryLongIdentifier",
  },
  Token {
    "position": Position {
      "charNumber": 1,
      "lineNumber": 18,
    },
    "symbol": {
      "label": "Integer Literal",
    },
    "text": "1",
  },
  Token {
    "position": Position {
      "charNumber": 5,
      "lineNumber": 18,
    },
    "symbol": {
      "label": "Integer Literal",
    },
    "text": "0",
  },
  Token {
    "position": Position {
      "charNumber": 9,
      "lineNumber": 18,
    },
    "symbol": {
      "label": "Integer Literal",
    },
    "text": "10",
  },
  Token {
    "position": Position {
      "charNumber": 13,
      "lineNumber": 18,
    },
    "symbol": {
      "label": "Integer Literal",
    },
    "text": "123456789",
  },
  Token {
    "position": Position {
      "charNumber": 1,
      "lineNumber": 19,
    },
    "symbol": {
      "label": "String Literal",
    },
    "text": ""a"",
  },
  Token {
    "position": Position {
      "charNumber": 7,
      "lineNumber": 19,
    },
    "symbol": {
      "label": "String Literal",
    },
    "text": ""a longer string"",
  },
  Token {
    "position": Position {
      "charNumber": 27,
      "lineNumber": 19,
    },
    "symbol": {
      "label": "String Literal",
    },
    "text": ""yet a longer string with a quote (\\) in the middle"",
  },
  Token {
    "position": Position {
      "charNumber": 1,
      "lineNumber": 22,
    },
    "symbol": {
      "label": "End-of-File",
    },
    "text": "",
  },
]
`;
